// Jest Snapshot v1, https://goo.gl/fbAQLP

exports[`<City /> snapshot 1`] = `
<li
  className="locations__item"
  onClick={[Function]}
>
  <a
    className="locations__item-link tabs__item  "
  >
    <span>
      Moscow
    </span>
  </a>
</li>
`;
