// Jest Snapshot v1, https://goo.gl/fbAQLP

exports[`<Revies /> snapshot 1`] = `
<li
  className="reviews__item"
  id="1"
>
  <div
    className="reviews__user user"
  >
    <div
      className="reviews__avatar-wrapper user__avatar-wrapper"
    >
      <img
        alt="Reviews avatar"
        className="reviews__avatar user__avatar"
        height={54}
        src="img/avatar-max.jpg"
        width={54}
      />
    </div>
    <span
      className="reviews__user-name"
    >
      Max
    </span>
  </div>
  <div
    className="reviews__info"
  >
    <div
      className="reviews__rating rating"
    >
      <div
        className="reviews__stars rating__stars"
      >
        <span
          style={
            Object {
              "width": "80%",
            }
          }
        />
        <span
          className="visually-hidden"
        >
          Rating
        </span>
      </div>
    </div>
    <p
      className="reviews__text"
    >
      A quiet cozy and picturesque that hides behind a a river by the unique lightness of Amsterdam.
    </p>
    <time
      className="reviews__time"
      dateTime="2018-12-24"
    >
      December 2018
    </time>
  </div>
</li>
`;
