// Jest Snapshot v1, https://goo.gl/fbAQLP

exports[`<Loading /> snapshot 1`] = `
<h1
  style={
    Object {
      "alignItems": "center",
      "display": "flex",
      "height": "100vh",
      "justifyContent": "center",
    }
  }
>
  Loadingâ€¦
</h1>
`;
